Archive member included because of file (symbol)

c:/winavr/bin/../lib/gcc/avr/4.3.2/avr6\libgcc.a(_divmodhi4.o)
                              ServoController.o (__divmodhi4)
c:/winavr/bin/../lib/gcc/avr/4.3.2/avr6\libgcc.a(_clear_bss.o)
                              Assignment2.o (__do_clear_bss)
c:/winavr/bin/../lib/gcc/avr/4.3.2/avr6\libgcc.a(_fixunssfsi.o)
                              Ass2_Communicate.o (__fixunssfsi)
c:/winavr/bin/../lib/gcc/avr/4.3.2/avr6\libgcc.a(_addsub_sf.o)
                              Ass2_Communicate.o (__subsf3)
c:/winavr/bin/../lib/gcc/avr/4.3.2/avr6\libgcc.a(_mul_sf.o)
                              Ass2_Communicate.o (__mulsf3)
c:/winavr/bin/../lib/gcc/avr/4.3.2/avr6\libgcc.a(_div_sf.o)
                              Ass2_Communicate.o (__divsf3)
c:/winavr/bin/../lib/gcc/avr/4.3.2/avr6\libgcc.a(_ge_sf.o)
                              c:/winavr/bin/../lib/gcc/avr/4.3.2/avr6\libgcc.a(_fixunssfsi.o) (__gesf2)
c:/winavr/bin/../lib/gcc/avr/4.3.2/avr6\libgcc.a(_si_to_sf.o)
                              Ass2_Communicate.o (__floatsisf)
c:/winavr/bin/../lib/gcc/avr/4.3.2/avr6\libgcc.a(_sf_to_si.o)
                              ServoController.o (__fixsfsi)
c:/winavr/bin/../lib/gcc/avr/4.3.2/avr6\libgcc.a(_thenan_sf.o)
                              c:/winavr/bin/../lib/gcc/avr/4.3.2/avr6\libgcc.a(_addsub_sf.o) (__thenan_sf)
c:/winavr/bin/../lib/gcc/avr/4.3.2/avr6\libgcc.a(_udivmodhi4.o)
                              c:/winavr/bin/../lib/gcc/avr/4.3.2/avr6\libgcc.a(_divmodhi4.o) (__udivmodhi4)
c:/winavr/bin/../lib/gcc/avr/4.3.2/avr6\libgcc.a(_prologue.o)
                              c:/winavr/bin/../lib/gcc/avr/4.3.2/avr6\libgcc.a(_addsub_sf.o) (__prologue_saves__)
c:/winavr/bin/../lib/gcc/avr/4.3.2/avr6\libgcc.a(_epilogue.o)
                              c:/winavr/bin/../lib/gcc/avr/4.3.2/avr6\libgcc.a(_addsub_sf.o) (__epilogue_restores__)
c:/winavr/bin/../lib/gcc/avr/4.3.2/avr6\libgcc.a(_clzsi2.o)
                              c:/winavr/bin/../lib/gcc/avr/4.3.2/avr6\libgcc.a(_si_to_sf.o) (__clzsi2)
c:/winavr/bin/../lib/gcc/avr/4.3.2/avr6\libgcc.a(_pack_sf.o)
                              c:/winavr/bin/../lib/gcc/avr/4.3.2/avr6\libgcc.a(_addsub_sf.o) (__pack_f)
c:/winavr/bin/../lib/gcc/avr/4.3.2/avr6\libgcc.a(_unpack_sf.o)
                              c:/winavr/bin/../lib/gcc/avr/4.3.2/avr6\libgcc.a(_addsub_sf.o) (__unpack_f)
c:/winavr/bin/../lib/gcc/avr/4.3.2/avr6\libgcc.a(_fpcmp_parts_sf.o)
                              c:/winavr/bin/../lib/gcc/avr/4.3.2/avr6\libgcc.a(_ge_sf.o) (__fpcmp_parts_f)
c:/winavr/bin/../lib/gcc/avr/4.3.2/avr6\libgcc.a(_clz.o)
                              c:/winavr/bin/../lib/gcc/avr/4.3.2/avr6\libgcc.a(_clzsi2.o) (__clz_tab)
c:/winavr/bin/../lib/gcc/avr/4.3.2/../../../../avr/lib/avr6\libc.a(snprintf.o)
                              Assignment2.o (snprintf)
c:/winavr/bin/../lib/gcc/avr/4.3.2/../../../../avr/lib/avr6\libc.a(vfprintf_std.o)
                              c:/winavr/bin/../lib/gcc/avr/4.3.2/../../../../avr/lib/avr6\libc.a(snprintf.o) (vfprintf)
c:/winavr/bin/../lib/gcc/avr/4.3.2/../../../../avr/lib/avr6\libc.a(strnlen_P.o)
                              c:/winavr/bin/../lib/gcc/avr/4.3.2/../../../../avr/lib/avr6\libc.a(vfprintf_std.o) (strnlen_P)
c:/winavr/bin/../lib/gcc/avr/4.3.2/../../../../avr/lib/avr6\libc.a(strnlen.o)
                              c:/winavr/bin/../lib/gcc/avr/4.3.2/../../../../avr/lib/avr6\libc.a(vfprintf_std.o) (strnlen)
c:/winavr/bin/../lib/gcc/avr/4.3.2/../../../../avr/lib/avr6\libc.a(fputc.o)
                              c:/winavr/bin/../lib/gcc/avr/4.3.2/../../../../avr/lib/avr6\libc.a(vfprintf_std.o) (fputc)
c:/winavr/bin/../lib/gcc/avr/4.3.2/../../../../avr/lib/avr6\libc.a(ultoa_invert.o)
                              c:/winavr/bin/../lib/gcc/avr/4.3.2/../../../../avr/lib/avr6\libc.a(vfprintf_std.o) (__ultoa_invert)

Allocating common symbols
Common symbol       size              file

print_event         0x2               Assignment2.o
packet              0x20              Ass2_Communicate.o
transmit_lock       0x1               radio.o
SonarDirectionServo
                    0x12              Assignment2.o
ASS_UART_BUFF       0x51              Assignment2.o
SONARReceivedFlag   0x1               Ass2_Communicate.o
ComStats            0xb               Assignment2.o
WorkingStruct       0xb               Ass2_Communicate.o
uart_rx             0x1               Assignment2.o
SweepPercent        0x2               Ass2_Servo.o
PINGReceivedFlag    0x1               Ass2_Communicate.o
bPINGRecieved       0x2               Assignment2.o
TimeoutCounter      0x2               Ass2_Communicate.o

Memory Configuration

Name             Origin             Length             Attributes
text             0x00000000         0x00100000         xr
data             0x00800200         0x0000fe00         rw !x
eeprom           0x00810000         0x00010000         rw !x
fuse             0x00820000         0x00000400         rw !x
lock             0x00830000         0x00000400         rw !x
signature        0x00840000         0x00000400         rw !x
*default*        0x00000000         0xffffffff

Linker script and memory map

Address of section .data set to 0x800200
LOAD Assignment2.o
LOAD Ass2_Communicate.o
LOAD Ass2_Servo.o
LOAD Ass2_Statistics.o
LOAD ServoController.o
LOAD radio.o
LOAD spi.o
LOAD sonar.o
LOAD os.o
LOAD crt0.o
LOAD uart.o
LOAD c:/winavr/bin/../lib/gcc/avr/4.3.2/avr6\libgcc.a
LOAD c:/winavr/bin/../lib/gcc/avr/4.3.2/../../../../avr/lib/avr6\libc.a
LOAD c:/winavr/bin/../lib/gcc/avr/4.3.2/avr6\libgcc.a

.hash
 *(.hash)

.dynsym
 *(.dynsym)

.dynstr
 *(.dynstr)

.gnu.version
 *(.gnu.version)

.gnu.version_d
 *(.gnu.version_d)

.gnu.version_r
 *(.gnu.version_r)

.rel.init
 *(.rel.init)

.rela.init
 *(.rela.init)

.rel.text
 *(.rel.text)
 *(.rel.text.*)
 *(.rel.gnu.linkonce.t*)

.rela.text
 *(.rela.text)
 *(.rela.text.*)
 *(.rela.gnu.linkonce.t*)

.rel.fini
 *(.rel.fini)

.rela.fini
 *(.rela.fini)

.rel.rodata
 *(.rel.rodata)
 *(.rel.rodata.*)
 *(.rel.gnu.linkonce.r*)

.rela.rodata
 *(.rela.rodata)
 *(.rela.rodata.*)
 *(.rela.gnu.linkonce.r*)

.rel.data
 *(.rel.data)
 *(.rel.data.*)
 *(.rel.gnu.linkonce.d*)

.rela.data
 *(.rela.data)
 *(.rela.data.*)
 *(.rela.gnu.linkonce.d*)

.rel.ctors
 *(.rel.ctors)

.rela.ctors
 *(.rela.ctors)

.rel.dtors
 *(.rel.dtors)

.rela.dtors
 *(.rela.dtors)

.rel.got
 *(.rel.got)

.rela.got
 *(.rela.got)

.rel.bss
 *(.rel.bss)

.rela.bss
 *(.rela.bss)

.rel.plt
 *(.rel.plt)

.rela.plt
 *(.rela.plt)

.text           0x00000000     0x3354
 *(.vectors)
 .vectors       0x00000000       0x98 crt0.o
                0x00000000                __vectors
 *(.vectors)
 *(.progmem.gcc*)
 *(.progmem*)
                0x00000098                . = ALIGN (0x2)
                0x00000098                __trampolines_start = .
 *(.trampolines)
 .trampolines   0x00000098        0x0 linker stubs
 *(.trampolines*)
                0x00000098                __trampolines_end = .
 *(.jumptables)
 *(.jumptables*)
 *(.lowtext)
 *(.lowtext*)
                0x00000098                __ctors_start = .
 *(.ctors)
                0x00000098                __ctors_end = .
                0x00000098                __dtors_start = .
 *(.dtors)
                0x00000098                __dtors_end = .
 SORT(*)(.ctors)
 SORT(*)(.dtors)
 *(.init0)
 .init0         0x00000098        0x0 crt0.o
                0x00000098                __init
 *(.init0)
 *(.init1)
 *(.init1)
 *(.init2)
 .init2         0x00000098        0xc crt0.o
                0x00000098                init2
 *(.init2)
 *(.init3)
 *(.init3)
 *(.init4)
 .init4         0x000000a4       0x1a crt0.o
                0x000000a4                __do_copy_data
 .init4         0x000000be       0x10 c:/winavr/bin/../lib/gcc/avr/4.3.2/avr6\libgcc.a(_clear_bss.o)
                0x000000be                __do_clear_bss
 *(.init4)
 *(.init5)
 *(.init5)
 *(.init6)
 *(.init6)
 *(.init7)
 *(.init7)
 *(.init8)
 *(.init8)
 *(.init9)
 .init9         0x000000ce        0x6 crt0.o
                0x000000ce                init9
 *(.init9)
 *(.text)
 .text          0x000000d4      0x236 Assignment2.o
                0x000001bc                Ass2_Task_UpdateStatistics
                0x000000e2                Ass2_Task_CalculateAndReport
                0x00000258                Ass2_Task_SendRequest
                0x00000224                Ass2_Task_GetPINGResponse
                0x0000028c                Ass2_Task_Initialization
                0x000000d4                Ass2_Task_UpdateSweep
                0x000002a8                Ass2_Task_InitSweepReport
                0x000001f0                Ass2_Task_GetSonarResponse
                0x000000f0                main
 .text          0x0000030a      0x3b0 Ass2_Communicate.o
                0x00000320                CommunicationPINGTimeout
                0x00000348                CommunicationPingResetRetryCount
                0x000005c4                CommunicationSendTriggerMessage
                0x00000488                CommunicationGetResponseStatistics
                0x00000618                InitializeCommunication
                0x00000352                CommunicationPingUpdateRetryCount
                0x00000560                CommuncationReceivedPING
                0x00000394                CommunicationReportDistance
                0x00000314                GetMessageClock
                0x00000380                radio_rxhandler
                0x0000054a                CommunicationReceivedSonarResponse
                0x0000030a                ResetMessageClock
 .text          0x000006ba       0x8e Ass2_Servo.o
                0x000006ba                ServoStartSweep
                0x000006c4                ServoUpdateSweepPosition
                0x0000070e                InitializeServoController
                0x00000702                ServoSetDirection
 .text          0x00000748      0x16e Ass2_Statistics.o
                0x00000784                StatisticsCalculateDirectionAndDistance
                0x000007a0                StatisticsAddNewSample
                0x00000748                StatisticsInitialize
                0x00000762                StatisticsResetSample
 .text          0x000008b6      0x15e ServoController.o
                0x00000998                AddServoValueDelta
                0x000008b6                ServoInitialize
                0x000009ac                SubtractServoValueDelta
                0x000009c0                SetServoRange
                0x000008f4                SetServoPeriod
                0x000008fc                SetServoValue
 .text          0x00000a14      0x5a0 radio.o
                0x00000b7a                _config
                0x00000ebc                __vector_1
                0x00000c30                _get_register
                0x00000c7e                Radio_Configure
                0x00000e20                Radio_Transmit
                0x00000dd6                _set_tx_mode
                0x00000c02                Radio_Init
                0x00000cd6                Radio_Configure_Rx
                0x00000a60                _set_register
                0x00000e72                _set_rx_mode
                0x00000a8e                Radio_Set_Tx_Addr
                0x00000a14                Radio_Drop_Rate
                0x00000aba                _reset_pipe0_address
                0x00000ad0                send_instruction
                0x00000a54                _get_status
                0x00000b10                Radio_Receive
 .text          0x00000fb4       0x66 spi.o
                0x0000100e                SPI_Write_Byte
                0x00000ff4                SPI_Write_Block
                0x00000fb4                SPI_Init
                0x00000fc4                SPI_ReadWrite_Block
 .text          0x0000101a       0xe6 sonar.o
                0x0000109a                __vector_31
                0x0000105a                sonar_echo_received
                0x0000106a                sonar_get_distance
                0x0000104e                sonar_trigger
                0x0000108e                sonar_get_sonar_time
                0x00001082                sonar_get_ping_time
                0x0000101a                sonar_init
 .text          0x00001100      0xe82 os.o
                0x00001ece                Event_Init
                0x00001eb6                Task_GetArg
                0x00001e42                Task_Create
                0x00001f28                Event_Broadcast
                0x00001eec                Event_Wait
                0x0000126a                __vector_17
                0x00001ea0                Task_Terminate
                0x00001e7a                Task_Next
                0x0000180c                OS_Init
                0x00001f64                Broadcast_And_Next
                0x00001342                OS_Abort
                0x00001f0a                Event_Signal
                0x00001f46                Signal_And_Next
 .text          0x00001f82        0x4 crt0.o
                0x00001f82                __vector_22
                0x00001f82                __vector_28
                0x00001f82                __vector_32
                0x00001f82                __vector_34
                0x00001f82                __vector_24
                0x00001f82                __vector_12
                0x00001f82                __vector_6
                0x00001f82                __vector_35
                0x00001f82                __vector_3
                0x00001f82                __vector_23
                0x00001f82                __vector_30
                0x00001f82                __vector_11
                0x00001f82                __vector_13
                0x00001f82                __vector_19
                0x00001f82                __vector_7
                0x00001f82                __vector_27
                0x00001f82                __vector_5
                0x00001f82                __vector_33
                0x00001f82                __vector_37
                0x00001f82                __vector_4
                0x00001f82                __vector_9
                0x00001f82                __vector_2
                0x00001f82                __vector_21
                0x00001f82                __vector_15
                0x00001f82                __vector_36
                0x00001f82                __vector_29
                0x00001f82                __vector_8
                0x00001f82                __vector_26
                0x00001f82                __vector_14
                0x00001f82                __vector_10
                0x00001f82                __vector_not_set
                0x00001f82                __vector_16
                0x00001f82                __vector_18
                0x00001f82                __vector_20
 .text          0x00001f86      0x110 uart.o
                0x0000200a                uart_reset_recv
                0x00001fae                uart_putstr
                0x00002014                __vector_25
                0x00001f9a                uart_getchar
                0x00001fcc                uart_init
                0x00002000                uart_bytes_recv
                0x00001f86                uart_putchar
 .text          0x00002096        0x0 c:/winavr/bin/../lib/gcc/avr/4.3.2/avr6\libgcc.a(_divmodhi4.o)
 .text          0x00002096        0x0 c:/winavr/bin/../lib/gcc/avr/4.3.2/avr6\libgcc.a(_clear_bss.o)
 .text          0x00002096       0x58 c:/winavr/bin/../lib/gcc/avr/4.3.2/avr6\libgcc.a(_fixunssfsi.o)
                0x00002096                __fixunssfsi
 .text          0x000020ee      0x354 c:/winavr/bin/../lib/gcc/avr/4.3.2/avr6\libgcc.a(_addsub_sf.o)
                0x00002386                __subsf3
                0x000023e8                __addsf3
 .text          0x00002442      0x1f4 c:/winavr/bin/../lib/gcc/avr/4.3.2/avr6\libgcc.a(_mul_sf.o)
                0x00002442                __mulsf3
 .text          0x00002636      0x158 c:/winavr/bin/../lib/gcc/avr/4.3.2/avr6\libgcc.a(_div_sf.o)
                0x00002636                __divsf3
 .text          0x0000278e       0x60 c:/winavr/bin/../lib/gcc/avr/4.3.2/avr6\libgcc.a(_ge_sf.o)
                0x0000278e                __gesf2
 .text          0x000027ee       0xbc c:/winavr/bin/../lib/gcc/avr/4.3.2/avr6\libgcc.a(_si_to_sf.o)
                0x000027ee                __floatsisf
 .text          0x000028aa       0xa8 c:/winavr/bin/../lib/gcc/avr/4.3.2/avr6\libgcc.a(_sf_to_si.o)
                0x000028aa                __fixsfsi
 .text          0x00002952        0x0 c:/winavr/bin/../lib/gcc/avr/4.3.2/avr6\libgcc.a(_thenan_sf.o)
 .text          0x00002952        0x0 c:/winavr/bin/../lib/gcc/avr/4.3.2/avr6\libgcc.a(_udivmodhi4.o)
 .text          0x00002952        0x0 c:/winavr/bin/../lib/gcc/avr/4.3.2/avr6\libgcc.a(_prologue.o)
 .text          0x00002952        0x0 c:/winavr/bin/../lib/gcc/avr/4.3.2/avr6\libgcc.a(_epilogue.o)
 .text          0x00002952       0x9e c:/winavr/bin/../lib/gcc/avr/4.3.2/avr6\libgcc.a(_clzsi2.o)
                0x00002952                __clzsi2
 .text          0x000029f0      0x1aa c:/winavr/bin/../lib/gcc/avr/4.3.2/avr6\libgcc.a(_pack_sf.o)
                0x000029f0                __pack_f
 .text          0x00002b9a       0xf0 c:/winavr/bin/../lib/gcc/avr/4.3.2/avr6\libgcc.a(_unpack_sf.o)
                0x00002b9a                __unpack_f
 .text          0x00002c8a       0xb2 c:/winavr/bin/../lib/gcc/avr/4.3.2/avr6\libgcc.a(_fpcmp_parts_sf.o)
                0x00002c8a                __fpcmp_parts_f
 .text          0x00002d3c        0x0 c:/winavr/bin/../lib/gcc/avr/4.3.2/avr6\libgcc.a(_clz.o)
 .text          0x00002d3c       0x62 c:/winavr/bin/../lib/gcc/avr/4.3.2/../../../../avr/lib/avr6\libc.a(snprintf.o)
                0x00002d3c                snprintf
 .text          0x00002d9e      0x3ba c:/winavr/bin/../lib/gcc/avr/4.3.2/../../../../avr/lib/avr6\libc.a(vfprintf_std.o)
                0x00002d9e                vfprintf
 .text          0x00003158       0x16 c:/winavr/bin/../lib/gcc/avr/4.3.2/../../../../avr/lib/avr6\libc.a(strnlen_P.o)
                0x00003158                strnlen_P
 .text          0x0000316e       0x16 c:/winavr/bin/../lib/gcc/avr/4.3.2/../../../../avr/lib/avr6\libc.a(strnlen.o)
                0x0000316e                strnlen
 .text          0x00003184       0x58 c:/winavr/bin/../lib/gcc/avr/4.3.2/../../../../avr/lib/avr6\libc.a(fputc.o)
                0x00003184                fputc
 .text          0x000031dc       0xbc c:/winavr/bin/../lib/gcc/avr/4.3.2/../../../../avr/lib/avr6\libc.a(ultoa_invert.o)
                0x000031dc                __ultoa_invert
                0x00003298                . = ALIGN (0x2)
 *(.text.*)
 .text.libgcc   0x00003298       0x26 c:/winavr/bin/../lib/gcc/avr/4.3.2/avr6\libgcc.a(_divmodhi4.o)
                0x00003298                __divmodhi4
                0x00003298                _div
 .text.libgcc   0x000032be        0x0 c:/winavr/bin/../lib/gcc/avr/4.3.2/avr6\libgcc.a(_clear_bss.o)
 .text.libgcc   0x000032be       0x28 c:/winavr/bin/../lib/gcc/avr/4.3.2/avr6\libgcc.a(_udivmodhi4.o)
                0x000032be                __udivmodhi4
 .text.libgcc   0x000032e6       0x38 c:/winavr/bin/../lib/gcc/avr/4.3.2/avr6\libgcc.a(_prologue.o)
                0x000032e6                __prologue_saves__
 .text.libgcc   0x0000331e       0x36 c:/winavr/bin/../lib/gcc/avr/4.3.2/avr6\libgcc.a(_epilogue.o)
                0x0000331e                __epilogue_restores__
                0x00003354                . = ALIGN (0x2)
 *(.fini9)
 *(.fini9)
 *(.fini8)
 *(.fini8)
 *(.fini7)
 *(.fini7)
 *(.fini6)
 *(.fini6)
 *(.fini5)
 *(.fini5)
 *(.fini4)
 *(.fini4)
 *(.fini3)
 *(.fini3)
 *(.fini2)
 *(.fini2)
 *(.fini1)
 *(.fini1)
 *(.fini0)
 *(.fini0)
                0x00003354                _etext = .

.data           0x00800200      0x1a0 load address 0x00003354
                0x00800200                PROVIDE (__data_start, .)
 *(.data)
 .data          0x00800200       0x36 Assignment2.o
                0x00800231                remote_addr
                0x0080022a                SeekState
                0x0080021e                PT
                0x0080022c                station_addr
                0x00800220                PPP
 .data          0x00800236       0x29 Ass2_Communicate.o
 .data          0x0080025f        0x0 Ass2_Servo.o
 .data          0x0080025f       0x23 Ass2_Statistics.o
 .data          0x00800282        0x0 ServoController.o
 .data          0x00800282       0x13 radio.o
                0x00800294                tx_last_status
                0x00800292                tx_history
                0x00800288                tx_address
                0x00800282                rx_pipe_widths
                0x0080028d                rx_pipe0_address
 .data          0x00800295        0x0 spi.o
 .data          0x00800295        0x0 sonar.o
 .data          0x00800295        0x3 os.o
 .data          0x00800298        0x0 crt0.o
 .data          0x00800298        0x0 uart.o
 .data          0x00800298        0x0 c:/winavr/bin/../lib/gcc/avr/4.3.2/avr6\libgcc.a(_divmodhi4.o)
 .data          0x00800298        0x0 c:/winavr/bin/../lib/gcc/avr/4.3.2/avr6\libgcc.a(_clear_bss.o)
 .data          0x00800298        0x0 c:/winavr/bin/../lib/gcc/avr/4.3.2/avr6\libgcc.a(_fixunssfsi.o)
 .data          0x00800298        0x0 c:/winavr/bin/../lib/gcc/avr/4.3.2/avr6\libgcc.a(_addsub_sf.o)
 .data          0x00800298        0x0 c:/winavr/bin/../lib/gcc/avr/4.3.2/avr6\libgcc.a(_mul_sf.o)
 .data          0x00800298        0x0 c:/winavr/bin/../lib/gcc/avr/4.3.2/avr6\libgcc.a(_div_sf.o)
 .data          0x00800298        0x0 c:/winavr/bin/../lib/gcc/avr/4.3.2/avr6\libgcc.a(_ge_sf.o)
 .data          0x00800298        0x0 c:/winavr/bin/../lib/gcc/avr/4.3.2/avr6\libgcc.a(_si_to_sf.o)
 .data          0x00800298        0x0 c:/winavr/bin/../lib/gcc/avr/4.3.2/avr6\libgcc.a(_sf_to_si.o)
 .data          0x00800298        0x8 c:/winavr/bin/../lib/gcc/avr/4.3.2/avr6\libgcc.a(_thenan_sf.o)
                0x00800298                __thenan_sf
 .data          0x008002a0        0x0 c:/winavr/bin/../lib/gcc/avr/4.3.2/avr6\libgcc.a(_udivmodhi4.o)
 .data          0x008002a0        0x0 c:/winavr/bin/../lib/gcc/avr/4.3.2/avr6\libgcc.a(_prologue.o)
 .data          0x008002a0        0x0 c:/winavr/bin/../lib/gcc/avr/4.3.2/avr6\libgcc.a(_epilogue.o)
 .data          0x008002a0        0x0 c:/winavr/bin/../lib/gcc/avr/4.3.2/avr6\libgcc.a(_clzsi2.o)
 .data          0x008002a0        0x0 c:/winavr/bin/../lib/gcc/avr/4.3.2/avr6\libgcc.a(_pack_sf.o)
 .data          0x008002a0        0x0 c:/winavr/bin/../lib/gcc/avr/4.3.2/avr6\libgcc.a(_unpack_sf.o)
 .data          0x008002a0        0x0 c:/winavr/bin/../lib/gcc/avr/4.3.2/avr6\libgcc.a(_fpcmp_parts_sf.o)
 .data          0x008002a0      0x100 c:/winavr/bin/../lib/gcc/avr/4.3.2/avr6\libgcc.a(_clz.o)
                0x008002a0                __clz_tab
 .data          0x008003a0        0x0 c:/winavr/bin/../lib/gcc/avr/4.3.2/../../../../avr/lib/avr6\libc.a(snprintf.o)
 .data          0x008003a0        0x0 c:/winavr/bin/../lib/gcc/avr/4.3.2/../../../../avr/lib/avr6\libc.a(vfprintf_std.o)
 .data          0x008003a0        0x0 c:/winavr/bin/../lib/gcc/avr/4.3.2/../../../../avr/lib/avr6\libc.a(strnlen_P.o)
 .data          0x008003a0        0x0 c:/winavr/bin/../lib/gcc/avr/4.3.2/../../../../avr/lib/avr6\libc.a(strnlen.o)
 .data          0x008003a0        0x0 c:/winavr/bin/../lib/gcc/avr/4.3.2/../../../../avr/lib/avr6\libc.a(fputc.o)
 .data          0x008003a0        0x0 c:/winavr/bin/../lib/gcc/avr/4.3.2/../../../../avr/lib/avr6\libc.a(ultoa_invert.o)
 *(.data*)
 *(.rodata)
 *(.rodata*)
 *(.gnu.linkonce.d*)
                0x008003a0                . = ALIGN (0x2)
                0x008003a0                _edata = .
                0x008003a0                PROVIDE (__data_end, .)

.bss            0x008003a0     0x13cf
                0x008003a0                PROVIDE (__bss_start, .)
 *(.bss)
 .bss           0x008003a0        0x6 Assignment2.o
                0x008003a0                InitializedSystem
                0x008003a4                SweepComplete
                0x008003a2                ReportingOutcome
 .bss           0x008003a6        0x2 Ass2_Communicate.o
 .bss           0x008003a8        0x0 Ass2_Servo.o
 .bss           0x008003a8        0xb Ass2_Statistics.o
 .bss           0x008003b3        0x0 ServoController.o
 .bss           0x008003b3        0x0 radio.o
 .bss           0x008003b3        0x0 spi.o
 .bss           0x008003b3        0x5 sonar.o
 .bss           0x008003b8     0x12ac os.o
 .bss           0x00801664        0x0 crt0.o
 .bss           0x00801664       0x66 uart.o
 .bss           0x008016ca        0x0 c:/winavr/bin/../lib/gcc/avr/4.3.2/avr6\libgcc.a(_divmodhi4.o)
 .bss           0x008016ca        0x0 c:/winavr/bin/../lib/gcc/avr/4.3.2/avr6\libgcc.a(_clear_bss.o)
 .bss           0x008016ca        0x0 c:/winavr/bin/../lib/gcc/avr/4.3.2/avr6\libgcc.a(_fixunssfsi.o)
 .bss           0x008016ca        0x0 c:/winavr/bin/../lib/gcc/avr/4.3.2/avr6\libgcc.a(_addsub_sf.o)
 .bss           0x008016ca        0x0 c:/winavr/bin/../lib/gcc/avr/4.3.2/avr6\libgcc.a(_mul_sf.o)
 .bss           0x008016ca        0x0 c:/winavr/bin/../lib/gcc/avr/4.3.2/avr6\libgcc.a(_div_sf.o)
 .bss           0x008016ca        0x0 c:/winavr/bin/../lib/gcc/avr/4.3.2/avr6\libgcc.a(_ge_sf.o)
 .bss           0x008016ca        0x0 c:/winavr/bin/../lib/gcc/avr/4.3.2/avr6\libgcc.a(_si_to_sf.o)
 .bss           0x008016ca        0x0 c:/winavr/bin/../lib/gcc/avr/4.3.2/avr6\libgcc.a(_sf_to_si.o)
 .bss           0x008016ca        0x0 c:/winavr/bin/../lib/gcc/avr/4.3.2/avr6\libgcc.a(_thenan_sf.o)
 .bss           0x008016ca        0x0 c:/winavr/bin/../lib/gcc/avr/4.3.2/avr6\libgcc.a(_udivmodhi4.o)
 .bss           0x008016ca        0x0 c:/winavr/bin/../lib/gcc/avr/4.3.2/avr6\libgcc.a(_prologue.o)
 .bss           0x008016ca        0x0 c:/winavr/bin/../lib/gcc/avr/4.3.2/avr6\libgcc.a(_epilogue.o)
 .bss           0x008016ca        0x0 c:/winavr/bin/../lib/gcc/avr/4.3.2/avr6\libgcc.a(_clzsi2.o)
 .bss           0x008016ca        0x0 c:/winavr/bin/../lib/gcc/avr/4.3.2/avr6\libgcc.a(_pack_sf.o)
 .bss           0x008016ca        0x0 c:/winavr/bin/../lib/gcc/avr/4.3.2/avr6\libgcc.a(_unpack_sf.o)
 .bss           0x008016ca        0x0 c:/winavr/bin/../lib/gcc/avr/4.3.2/avr6\libgcc.a(_fpcmp_parts_sf.o)
 .bss           0x008016ca        0x0 c:/winavr/bin/../lib/gcc/avr/4.3.2/avr6\libgcc.a(_clz.o)
 .bss           0x008016ca        0x0 c:/winavr/bin/../lib/gcc/avr/4.3.2/../../../../avr/lib/avr6\libc.a(snprintf.o)
 .bss           0x008016ca        0x0 c:/winavr/bin/../lib/gcc/avr/4.3.2/../../../../avr/lib/avr6\libc.a(vfprintf_std.o)
 .bss           0x008016ca        0x0 c:/winavr/bin/../lib/gcc/avr/4.3.2/../../../../avr/lib/avr6\libc.a(strnlen_P.o)
 .bss           0x008016ca        0x0 c:/winavr/bin/../lib/gcc/avr/4.3.2/../../../../avr/lib/avr6\libc.a(strnlen.o)
 .bss           0x008016ca        0x0 c:/winavr/bin/../lib/gcc/avr/4.3.2/../../../../avr/lib/avr6\libc.a(fputc.o)
 .bss           0x008016ca        0x0 c:/winavr/bin/../lib/gcc/avr/4.3.2/../../../../avr/lib/avr6\libc.a(ultoa_invert.o)
 *(.bss*)
 *(COMMON)
 COMMON         0x008016ca       0x73 Assignment2.o
                0x008016ca                print_event
                0x008016cc                SonarDirectionServo
                0x008016de                ASS_UART_BUFF
                0x0080172f                ComStats
                0x0080173a                uart_rx
                0x0080173b                bPINGRecieved
 COMMON         0x0080173d       0x2f Ass2_Communicate.o
                0x0080173d                packet
                0x0080175d                SONARReceivedFlag
                0x0080175e                WorkingStruct
                0x00801769                PINGReceivedFlag
                0x0080176a                TimeoutCounter
 COMMON         0x0080176c        0x2 Ass2_Servo.o
                0x0080176c                SweepPercent
 COMMON         0x0080176e        0x1 radio.o
                0x0080176e                transmit_lock
                0x0080176f                PROVIDE (__bss_end, .)
                0x00003354                __data_load_start = LOADADDR (.data)
                0x000034f4                __data_load_end = (__data_load_start + SIZEOF (.data))

.noinit         0x0080176f        0x0
                0x0080176f                PROVIDE (__noinit_start, .)
 *(.noinit*)
                0x0080176f                PROVIDE (__noinit_end, .)
                0x0080176f                _end = .
                0x0080176f                PROVIDE (__heap_start, .)

.eeprom         0x00810000        0x0
 *(.eeprom*)
                0x00810000                __eeprom_end = .

.fuse
 *(.fuse)
 *(.lfuse)
 *(.hfuse)
 *(.efuse)

.lock
 *(.lock*)

.signature
 *(.signature*)

.stab
 *(.stab)

.stabstr
 *(.stabstr)

.stab.excl
 *(.stab.excl)

.stab.exclstr
 *(.stab.exclstr)

.stab.index
 *(.stab.index)

.stab.indexstr
 *(.stab.indexstr)

.comment
 *(.comment)

.debug
 *(.debug)

.line
 *(.line)

.debug_srcinfo
 *(.debug_srcinfo)

.debug_sfnames
 *(.debug_sfnames)

.debug_aranges  0x00000000      0x188
 *(.debug_aranges)
 .debug_aranges
                0x00000000       0x20 Assignment2.o
 .debug_aranges
                0x00000020       0x20 Ass2_Communicate.o
 .debug_aranges
                0x00000040       0x20 Ass2_Servo.o
 .debug_aranges
                0x00000060       0x20 Ass2_Statistics.o
 .debug_aranges
                0x00000080       0x20 ServoController.o
 .debug_aranges
                0x000000a0       0x20 radio.o
 .debug_aranges
                0x000000c0       0x20 spi.o
 .debug_aranges
                0x000000e0       0x20 sonar.o
 .debug_aranges
                0x00000100       0x20 os.o
 .debug_aranges
                0x00000120       0x48 crt0.o
 .debug_aranges
                0x00000168       0x20 uart.o

.debug_pubnames
                0x00000000      0xa2f
 *(.debug_pubnames)
 .debug_pubnames
                0x00000000      0x1e7 Assignment2.o
 .debug_pubnames
                0x000001e7      0x20b Ass2_Communicate.o
 .debug_pubnames
                0x000003f2       0x88 Ass2_Servo.o
 .debug_pubnames
                0x0000047a       0x98 Ass2_Statistics.o
 .debug_pubnames
                0x00000512       0x90 ServoController.o
 .debug_pubnames
                0x000005a2      0x1a5 radio.o
 .debug_pubnames
                0x00000747       0x5e spi.o
 .debug_pubnames
                0x000007a5       0xa3 sonar.o
 .debug_pubnames
                0x00000848       0xea os.o
 .debug_pubnames
                0x00000932       0x67 crt0.o
 .debug_pubnames
                0x00000999       0x96 uart.o

.debug_info     0x00000000     0x345c
 *(.debug_info)
 .debug_info    0x00000000      0x61b Assignment2.o
 .debug_info    0x0000061b      0x8c1 Ass2_Communicate.o
 .debug_info    0x00000edc      0x23a Ass2_Servo.o
 .debug_info    0x00001116      0x1b9 Ass2_Statistics.o
 .debug_info    0x000012cf      0x27d ServoController.o
 .debug_info    0x0000154c      0xafb radio.o
 .debug_info    0x00002047      0x13e spi.o
 .debug_info    0x00002185      0x258 sonar.o
 .debug_info    0x000023dd      0xdaf os.o
 .debug_info    0x0000318c       0xda crt0.o
 .debug_info    0x00003266      0x1f6 uart.o
 *(.gnu.linkonce.wi.*)

.debug_abbrev   0x00000000     0x1090
 *(.debug_abbrev)
 .debug_abbrev  0x00000000      0x1e7 Assignment2.o
 .debug_abbrev  0x000001e7      0x2c4 Ass2_Communicate.o
 .debug_abbrev  0x000004ab       0xc8 Ass2_Servo.o
 .debug_abbrev  0x00000573       0xdd Ass2_Statistics.o
 .debug_abbrev  0x00000650       0xd3 ServoController.o
 .debug_abbrev  0x00000723      0x2d2 radio.o
 .debug_abbrev  0x000009f5       0xbb spi.o
 .debug_abbrev  0x00000ab0      0x130 sonar.o
 .debug_abbrev  0x00000be0      0x30f os.o
 .debug_abbrev  0x00000eef       0x41 crt0.o
 .debug_abbrev  0x00000f30      0x160 uart.o

.debug_line     0x00000000     0x26eb
 *(.debug_line)
 .debug_line    0x00000000      0x421 Assignment2.o
 .debug_line    0x00000421      0x475 Ass2_Communicate.o
 .debug_line    0x00000896      0x143 Ass2_Servo.o
 .debug_line    0x000009d9      0x18f Ass2_Statistics.o
 .debug_line    0x00000b68      0x186 ServoController.o
 .debug_line    0x00000cee      0x684 radio.o
 .debug_line    0x00001372      0x13b spi.o
 .debug_line    0x000014ad      0x22a sonar.o
 .debug_line    0x000016d7      0xbeb os.o
 .debug_line    0x000022c2      0x24d crt0.o
 .debug_line    0x0000250f      0x1dc uart.o

.debug_frame    0x00000000      0x680
 *(.debug_frame)
 .debug_frame   0x00000000       0xa0 Assignment2.o
 .debug_frame   0x000000a0       0xd0 Ass2_Communicate.o
 .debug_frame   0x00000170       0x50 Ass2_Servo.o
 .debug_frame   0x000001c0       0x50 Ass2_Statistics.o
 .debug_frame   0x00000210       0x70 ServoController.o
 .debug_frame   0x00000280      0x110 radio.o
 .debug_frame   0x00000390       0x50 spi.o
 .debug_frame   0x000003e0       0x80 sonar.o
 .debug_frame   0x00000460      0x130 os.o
 .debug_frame   0x00000590       0x70 crt0.o
 .debug_frame   0x00000600       0x80 uart.o

.debug_str      0x00000000     0x157d
 *(.debug_str)
 .debug_str     0x00000000      0x464 Assignment2.o
                                0x4c0 (size before relaxing)
 .debug_str     0x00000464      0x59a Ass2_Communicate.o
                                0x7a0 (size before relaxing)
 .debug_str     0x000009fe       0x72 Ass2_Servo.o
                                0x240 (size before relaxing)
 .debug_str     0x00000a70       0x8c Ass2_Statistics.o
                                0x1e7 (size before relaxing)
 .debug_str     0x00000afc       0xb1 ServoController.o
                                0x1ea (size before relaxing)
 .debug_str     0x00000bad      0x237 radio.o
                                0x72b (size before relaxing)
 .debug_str     0x00000de4       0x4b spi.o
                                0x124 (size before relaxing)
 .debug_str     0x00000e2f       0xa2 sonar.o
                                0x1d8 (size before relaxing)
 .debug_str     0x00000ed1      0x5eb os.o
                                0x6f4 (size before relaxing)
 .debug_str     0x000014bc       0x4a crt0.o
                                0x105 (size before relaxing)
 .debug_str     0x00001506       0x77 uart.o
                                0x17a (size before relaxing)

.debug_loc      0x00000000      0xeb0
 *(.debug_loc)
 .debug_loc     0x00000000       0xa0 Assignment2.o
 .debug_loc     0x000000a0       0xab Ass2_Communicate.o
 .debug_loc     0x0000014b       0x90 Ass2_Servo.o
 .debug_loc     0x000001db       0x78 Ass2_Statistics.o
 .debug_loc     0x00000253      0x1c0 ServoController.o
 .debug_loc     0x00000413      0x4bf radio.o
 .debug_loc     0x000008d2       0x7b spi.o
 .debug_loc     0x0000094d       0x13 sonar.o
 .debug_loc     0x00000960      0x4a4 os.o
 .debug_loc     0x00000e04       0xac uart.o

.debug_macinfo
 *(.debug_macinfo)
OUTPUT(Assignment2.elf elf32-avr)
LOAD linker stubs

.debug_ranges   0x00000000      0x298
 .debug_ranges  0x00000000      0x180 Assignment2.o
 .debug_ranges  0x00000180       0xc0 os.o
 .debug_ranges  0x00000240       0x40 crt0.o
 .debug_ranges  0x00000280       0x18 uart.o
