Archive member included because of file (symbol)

c:/program files/winavr-20090313/bin/../lib/gcc/avr/4.3.2/avr6\libgcc.a(_divmodhi4.o)
                              ServoController.o (__divmodhi4)
c:/program files/winavr-20090313/bin/../lib/gcc/avr/4.3.2/avr6\libgcc.a(_clear_bss.o)
                              Assignment2.o (__do_clear_bss)
c:/program files/winavr-20090313/bin/../lib/gcc/avr/4.3.2/avr6\libgcc.a(_fixunssfsi.o)
                              Ass2_Communicate.o (__fixunssfsi)
c:/program files/winavr-20090313/bin/../lib/gcc/avr/4.3.2/avr6\libgcc.a(_addsub_sf.o)
                              Ass2_Communicate.o (__subsf3)
c:/program files/winavr-20090313/bin/../lib/gcc/avr/4.3.2/avr6\libgcc.a(_mul_sf.o)
                              Ass2_Communicate.o (__mulsf3)
c:/program files/winavr-20090313/bin/../lib/gcc/avr/4.3.2/avr6\libgcc.a(_div_sf.o)
                              Ass2_Communicate.o (__divsf3)
c:/program files/winavr-20090313/bin/../lib/gcc/avr/4.3.2/avr6\libgcc.a(_ge_sf.o)
                              c:/program files/winavr-20090313/bin/../lib/gcc/avr/4.3.2/avr6\libgcc.a(_fixunssfsi.o) (__gesf2)
c:/program files/winavr-20090313/bin/../lib/gcc/avr/4.3.2/avr6\libgcc.a(_si_to_sf.o)
                              Ass2_Communicate.o (__floatsisf)
c:/program files/winavr-20090313/bin/../lib/gcc/avr/4.3.2/avr6\libgcc.a(_sf_to_si.o)
                              ServoController.o (__fixsfsi)
c:/program files/winavr-20090313/bin/../lib/gcc/avr/4.3.2/avr6\libgcc.a(_thenan_sf.o)
                              c:/program files/winavr-20090313/bin/../lib/gcc/avr/4.3.2/avr6\libgcc.a(_addsub_sf.o) (__thenan_sf)
c:/program files/winavr-20090313/bin/../lib/gcc/avr/4.3.2/avr6\libgcc.a(_udivmodhi4.o)
                              c:/program files/winavr-20090313/bin/../lib/gcc/avr/4.3.2/avr6\libgcc.a(_divmodhi4.o) (__udivmodhi4)
c:/program files/winavr-20090313/bin/../lib/gcc/avr/4.3.2/avr6\libgcc.a(_prologue.o)
                              c:/program files/winavr-20090313/bin/../lib/gcc/avr/4.3.2/avr6\libgcc.a(_addsub_sf.o) (__prologue_saves__)
c:/program files/winavr-20090313/bin/../lib/gcc/avr/4.3.2/avr6\libgcc.a(_epilogue.o)
                              c:/program files/winavr-20090313/bin/../lib/gcc/avr/4.3.2/avr6\libgcc.a(_addsub_sf.o) (__epilogue_restores__)
c:/program files/winavr-20090313/bin/../lib/gcc/avr/4.3.2/avr6\libgcc.a(_clzsi2.o)
                              c:/program files/winavr-20090313/bin/../lib/gcc/avr/4.3.2/avr6\libgcc.a(_si_to_sf.o) (__clzsi2)
c:/program files/winavr-20090313/bin/../lib/gcc/avr/4.3.2/avr6\libgcc.a(_pack_sf.o)
                              c:/program files/winavr-20090313/bin/../lib/gcc/avr/4.3.2/avr6\libgcc.a(_addsub_sf.o) (__pack_f)
c:/program files/winavr-20090313/bin/../lib/gcc/avr/4.3.2/avr6\libgcc.a(_unpack_sf.o)
                              c:/program files/winavr-20090313/bin/../lib/gcc/avr/4.3.2/avr6\libgcc.a(_addsub_sf.o) (__unpack_f)
c:/program files/winavr-20090313/bin/../lib/gcc/avr/4.3.2/avr6\libgcc.a(_fpcmp_parts_sf.o)
                              c:/program files/winavr-20090313/bin/../lib/gcc/avr/4.3.2/avr6\libgcc.a(_ge_sf.o) (__fpcmp_parts_f)
c:/program files/winavr-20090313/bin/../lib/gcc/avr/4.3.2/avr6\libgcc.a(_clz.o)
                              c:/program files/winavr-20090313/bin/../lib/gcc/avr/4.3.2/avr6\libgcc.a(_clzsi2.o) (__clz_tab)
c:/program files/winavr-20090313/bin/../lib/gcc/avr/4.3.2/../../../../avr/lib/avr6\libc.a(snprintf.o)
                              Assignment2.o (snprintf)
c:/program files/winavr-20090313/bin/../lib/gcc/avr/4.3.2/../../../../avr/lib/avr6\libc.a(vfprintf_std.o)
                              c:/program files/winavr-20090313/bin/../lib/gcc/avr/4.3.2/../../../../avr/lib/avr6\libc.a(snprintf.o) (vfprintf)
c:/program files/winavr-20090313/bin/../lib/gcc/avr/4.3.2/../../../../avr/lib/avr6\libc.a(strnlen_P.o)
                              c:/program files/winavr-20090313/bin/../lib/gcc/avr/4.3.2/../../../../avr/lib/avr6\libc.a(vfprintf_std.o) (strnlen_P)
c:/program files/winavr-20090313/bin/../lib/gcc/avr/4.3.2/../../../../avr/lib/avr6\libc.a(strnlen.o)
                              c:/program files/winavr-20090313/bin/../lib/gcc/avr/4.3.2/../../../../avr/lib/avr6\libc.a(vfprintf_std.o) (strnlen)
c:/program files/winavr-20090313/bin/../lib/gcc/avr/4.3.2/../../../../avr/lib/avr6\libc.a(fputc.o)
                              c:/program files/winavr-20090313/bin/../lib/gcc/avr/4.3.2/../../../../avr/lib/avr6\libc.a(vfprintf_std.o) (fputc)
c:/program files/winavr-20090313/bin/../lib/gcc/avr/4.3.2/../../../../avr/lib/avr6\libc.a(ultoa_invert.o)
                              c:/program files/winavr-20090313/bin/../lib/gcc/avr/4.3.2/../../../../avr/lib/avr6\libc.a(vfprintf_std.o) (__ultoa_invert)

Allocating common symbols
Common symbol       size              file

print_event         0x2               Assignment2.o
packet              0x20              Ass2_Communicate.o
transmit_lock       0x1               radio.o
SonarDirectionServo
                    0x12              Assignment2.o
ASS_UART_BUFF       0x51              Assignment2.o
SONARReceivedFlag   0x1               Ass2_Communicate.o
ComStats            0xb               Assignment2.o
WorkingStruct       0xb               Ass2_Communicate.o
uart_rx             0x1               Assignment2.o
SweepPercent        0x2               Ass2_Servo.o
PINGReceivedFlag    0x1               Ass2_Communicate.o
bPINGRecieved       0x2               Assignment2.o
TimeoutCounter      0x2               Ass2_Communicate.o

Memory Configuration

Name             Origin             Length             Attributes
text             0x00000000         0x00100000         xr
data             0x00800200         0x0000fe00         rw !x
eeprom           0x00810000         0x00010000         rw !x
fuse             0x00820000         0x00000400         rw !x
lock             0x00830000         0x00000400         rw !x
signature        0x00840000         0x00000400         rw !x
*default*        0x00000000         0xffffffff

Linker script and memory map

Address of section .data set to 0x800200
LOAD Assignment2.o
LOAD Ass2_Communicate.o
LOAD Ass2_Servo.o
LOAD Ass2_Statistics.o
LOAD ServoController.o
LOAD radio.o
LOAD spi.o
LOAD sonar.o
LOAD os.o
LOAD crt0.o
LOAD uart.o
LOAD c:/program files/winavr-20090313/bin/../lib/gcc/avr/4.3.2/avr6\libgcc.a
LOAD c:/program files/winavr-20090313/bin/../lib/gcc/avr/4.3.2/../../../../avr/lib/avr6\libc.a
LOAD c:/program files/winavr-20090313/bin/../lib/gcc/avr/4.3.2/avr6\libgcc.a

.hash
 *(.hash)

.dynsym
 *(.dynsym)

.dynstr
 *(.dynstr)

.gnu.version
 *(.gnu.version)

.gnu.version_d
 *(.gnu.version_d)

.gnu.version_r
 *(.gnu.version_r)

.rel.init
 *(.rel.init)

.rela.init
 *(.rela.init)

.rel.text
 *(.rel.text)
 *(.rel.text.*)
 *(.rel.gnu.linkonce.t*)

.rela.text
 *(.rela.text)
 *(.rela.text.*)
 *(.rela.gnu.linkonce.t*)

.rel.fini
 *(.rel.fini)

.rela.fini
 *(.rela.fini)

.rel.rodata
 *(.rel.rodata)
 *(.rel.rodata.*)
 *(.rel.gnu.linkonce.r*)

.rela.rodata
 *(.rela.rodata)
 *(.rela.rodata.*)
 *(.rela.gnu.linkonce.r*)

.rel.data
 *(.rel.data)
 *(.rel.data.*)
 *(.rel.gnu.linkonce.d*)

.rela.data
 *(.rela.data)
 *(.rela.data.*)
 *(.rela.gnu.linkonce.d*)

.rel.ctors
 *(.rel.ctors)

.rela.ctors
 *(.rela.ctors)

.rel.dtors
 *(.rel.dtors)

.rela.dtors
 *(.rela.dtors)

.rel.got
 *(.rel.got)

.rela.got
 *(.rela.got)

.rel.bss
 *(.rel.bss)

.rela.bss
 *(.rela.bss)

.rel.plt
 *(.rel.plt)

.rela.plt
 *(.rela.plt)

.text           0x00000000     0x3452
 *(.vectors)
 .vectors       0x00000000       0x98 crt0.o
                0x00000000                __vectors
 *(.vectors)
 *(.progmem.gcc*)
 *(.progmem*)
                0x00000098                . = ALIGN (0x2)
                0x00000098                __trampolines_start = .
 *(.trampolines)
 .trampolines   0x00000098        0x0 linker stubs
 *(.trampolines*)
                0x00000098                __trampolines_end = .
 *(.jumptables)
 *(.jumptables*)
 *(.lowtext)
 *(.lowtext*)
                0x00000098                __ctors_start = .
 *(.ctors)
                0x00000098                __ctors_end = .
                0x00000098                __dtors_start = .
 *(.dtors)
                0x00000098                __dtors_end = .
 SORT(*)(.ctors)
 SORT(*)(.dtors)
 *(.init0)
 .init0         0x00000098        0x0 crt0.o
                0x00000098                __init
 *(.init0)
 *(.init1)
 *(.init1)
 *(.init2)
 .init2         0x00000098        0xc crt0.o
                0x00000098                init2
 *(.init2)
 *(.init3)
 *(.init3)
 *(.init4)
 .init4         0x000000a4       0x1a crt0.o
                0x000000a4                __do_copy_data
 .init4         0x000000be       0x10 c:/program files/winavr-20090313/bin/../lib/gcc/avr/4.3.2/avr6\libgcc.a(_clear_bss.o)
                0x000000be                __do_clear_bss
 *(.init4)
 *(.init5)
 *(.init5)
 *(.init6)
 *(.init6)
 *(.init7)
 *(.init7)
 *(.init8)
 *(.init8)
 *(.init9)
 .init9         0x000000ce        0x6 crt0.o
                0x000000ce                init9
 *(.init9)
 *(.text)
 .text          0x000000d4      0x334 Assignment2.o
                0x000001aa                Ass2_Task_UpdateStatistics
                0x00000150                Ass2_Task_CalculateAndReport
                0x000002ae                Ass2_Task_SendRequest
                0x00000226                Ass2_Task_GetPINGResponse
                0x00000370                Ass2_Task_Initialization
                0x000002e6                Ass2_Task_UpdateSweep
                0x000001de                Ass2_Task_GetSonarResponse
                0x000000d4                main
 .text          0x00000408      0x3b0 Ass2_Communicate.o
                0x0000041e                CommunicationPINGTimeout
                0x00000446                CommunicationPingResetRetryCount
                0x000006c2                CommunicationSendTriggerMessage
                0x00000586                CommunicationGetResponseStatistics
                0x00000716                InitializeCommunication
                0x00000450                CommunicationPingUpdateRetryCount
                0x0000065e                CommuncationReceivedPING
                0x00000492                CommunicationReportDistance
                0x00000412                GetMessageClock
                0x0000047e                radio_rxhandler
                0x00000648                CommunicationReceivedSonarResponse
                0x00000408                ResetMessageClock
 .text          0x000007b8       0x8e Ass2_Servo.o
                0x000007b8                ServoStartSweep
                0x000007c2                ServoUpdateSweepPosition
                0x0000080c                InitializeServoController
                0x00000800                ServoSetDirection
 .text          0x00000846      0x16e Ass2_Statistics.o
                0x00000882                StatisticsCalculateDirectionAndDistance
                0x0000089e                StatisticsAddNewSample
                0x00000846                StatisticsInitialize
                0x00000860                StatisticsResetSample
 .text          0x000009b4      0x15e ServoController.o
                0x00000a96                AddServoValueDelta
                0x000009b4                ServoInitialize
                0x00000aaa                SubtractServoValueDelta
                0x00000abe                SetServoRange
                0x000009f2                SetServoPeriod
                0x000009fa                SetServoValue
 .text          0x00000b12      0x5a0 radio.o
                0x00000c78                _config
                0x00000fba                __vector_1
                0x00000d2e                _get_register
                0x00000d7c                Radio_Configure
                0x00000f1e                Radio_Transmit
                0x00000ed4                _set_tx_mode
                0x00000d00                Radio_Init
                0x00000dd4                Radio_Configure_Rx
                0x00000b5e                _set_register
                0x00000f70                _set_rx_mode
                0x00000b8c                Radio_Set_Tx_Addr
                0x00000b12                Radio_Drop_Rate
                0x00000bb8                _reset_pipe0_address
                0x00000bce                send_instruction
                0x00000b52                _get_status
                0x00000c0e                Radio_Receive
 .text          0x000010b2       0x66 spi.o
                0x0000110c                SPI_Write_Byte
                0x000010f2                SPI_Write_Block
                0x000010b2                SPI_Init
                0x000010c2                SPI_ReadWrite_Block
 .text          0x00001118       0xe6 sonar.o
                0x00001198                __vector_31
                0x00001158                sonar_echo_received
                0x00001168                sonar_get_distance
                0x0000114c                sonar_trigger
                0x0000118c                sonar_get_sonar_time
                0x00001180                sonar_get_ping_time
                0x00001118                sonar_init
 .text          0x000011fe      0xe82 os.o
                0x00001fcc                Event_Init
                0x00001fb4                Task_GetArg
                0x00001f40                Task_Create
                0x00002026                Event_Broadcast
                0x00001fea                Event_Wait
                0x00001368                __vector_17
                0x00001f9e                Task_Terminate
                0x00001f78                Task_Next
                0x0000190a                OS_Init
                0x00002062                Broadcast_And_Next
                0x00001440                OS_Abort
                0x00002008                Event_Signal
                0x00002044                Signal_And_Next
 .text          0x00002080        0x4 crt0.o
                0x00002080                __vector_22
                0x00002080                __vector_28
                0x00002080                __vector_32
                0x00002080                __vector_34
                0x00002080                __vector_24
                0x00002080                __vector_12
                0x00002080                __vector_6
                0x00002080                __vector_35
                0x00002080                __vector_3
                0x00002080                __vector_23
                0x00002080                __vector_30
                0x00002080                __vector_11
                0x00002080                __vector_13
                0x00002080                __vector_19
                0x00002080                __vector_7
                0x00002080                __vector_27
                0x00002080                __vector_5
                0x00002080                __vector_33
                0x00002080                __vector_37
                0x00002080                __vector_4
                0x00002080                __vector_9
                0x00002080                __vector_2
                0x00002080                __vector_21
                0x00002080                __vector_15
                0x00002080                __vector_36
                0x00002080                __vector_29
                0x00002080                __vector_8
                0x00002080                __vector_26
                0x00002080                __vector_14
                0x00002080                __vector_10
                0x00002080                __vector_not_set
                0x00002080                __vector_16
                0x00002080                __vector_18
                0x00002080                __vector_20
 .text          0x00002084      0x110 uart.o
                0x00002108                uart_reset_recv
                0x000020ac                uart_putstr
                0x00002112                __vector_25
                0x00002098                uart_getchar
                0x000020ca                uart_init
                0x000020fe                uart_bytes_recv
                0x00002084                uart_putchar
 .text          0x00002194        0x0 c:/program files/winavr-20090313/bin/../lib/gcc/avr/4.3.2/avr6\libgcc.a(_divmodhi4.o)
 .text          0x00002194        0x0 c:/program files/winavr-20090313/bin/../lib/gcc/avr/4.3.2/avr6\libgcc.a(_clear_bss.o)
 .text          0x00002194       0x58 c:/program files/winavr-20090313/bin/../lib/gcc/avr/4.3.2/avr6\libgcc.a(_fixunssfsi.o)
                0x00002194                __fixunssfsi
 .text          0x000021ec      0x354 c:/program files/winavr-20090313/bin/../lib/gcc/avr/4.3.2/avr6\libgcc.a(_addsub_sf.o)
                0x00002484                __subsf3
                0x000024e6                __addsf3
 .text          0x00002540      0x1f4 c:/program files/winavr-20090313/bin/../lib/gcc/avr/4.3.2/avr6\libgcc.a(_mul_sf.o)
                0x00002540                __mulsf3
 .text          0x00002734      0x158 c:/program files/winavr-20090313/bin/../lib/gcc/avr/4.3.2/avr6\libgcc.a(_div_sf.o)
                0x00002734                __divsf3
 .text          0x0000288c       0x60 c:/program files/winavr-20090313/bin/../lib/gcc/avr/4.3.2/avr6\libgcc.a(_ge_sf.o)
                0x0000288c                __gesf2
 .text          0x000028ec       0xbc c:/program files/winavr-20090313/bin/../lib/gcc/avr/4.3.2/avr6\libgcc.a(_si_to_sf.o)
                0x000028ec                __floatsisf
 .text          0x000029a8       0xa8 c:/program files/winavr-20090313/bin/../lib/gcc/avr/4.3.2/avr6\libgcc.a(_sf_to_si.o)
                0x000029a8                __fixsfsi
 .text          0x00002a50        0x0 c:/program files/winavr-20090313/bin/../lib/gcc/avr/4.3.2/avr6\libgcc.a(_thenan_sf.o)
 .text          0x00002a50        0x0 c:/program files/winavr-20090313/bin/../lib/gcc/avr/4.3.2/avr6\libgcc.a(_udivmodhi4.o)
 .text          0x00002a50        0x0 c:/program files/winavr-20090313/bin/../lib/gcc/avr/4.3.2/avr6\libgcc.a(_prologue.o)
 .text          0x00002a50        0x0 c:/program files/winavr-20090313/bin/../lib/gcc/avr/4.3.2/avr6\libgcc.a(_epilogue.o)
 .text          0x00002a50       0x9e c:/program files/winavr-20090313/bin/../lib/gcc/avr/4.3.2/avr6\libgcc.a(_clzsi2.o)
                0x00002a50                __clzsi2
 .text          0x00002aee      0x1aa c:/program files/winavr-20090313/bin/../lib/gcc/avr/4.3.2/avr6\libgcc.a(_pack_sf.o)
                0x00002aee                __pack_f
 .text          0x00002c98       0xf0 c:/program files/winavr-20090313/bin/../lib/gcc/avr/4.3.2/avr6\libgcc.a(_unpack_sf.o)
                0x00002c98                __unpack_f
 .text          0x00002d88       0xb2 c:/program files/winavr-20090313/bin/../lib/gcc/avr/4.3.2/avr6\libgcc.a(_fpcmp_parts_sf.o)
                0x00002d88                __fpcmp_parts_f
 .text          0x00002e3a        0x0 c:/program files/winavr-20090313/bin/../lib/gcc/avr/4.3.2/avr6\libgcc.a(_clz.o)
 .text          0x00002e3a       0x62 c:/program files/winavr-20090313/bin/../lib/gcc/avr/4.3.2/../../../../avr/lib/avr6\libc.a(snprintf.o)
                0x00002e3a                snprintf
 .text          0x00002e9c      0x3ba c:/program files/winavr-20090313/bin/../lib/gcc/avr/4.3.2/../../../../avr/lib/avr6\libc.a(vfprintf_std.o)
                0x00002e9c                vfprintf
 .text          0x00003256       0x16 c:/program files/winavr-20090313/bin/../lib/gcc/avr/4.3.2/../../../../avr/lib/avr6\libc.a(strnlen_P.o)
                0x00003256                strnlen_P
 .text          0x0000326c       0x16 c:/program files/winavr-20090313/bin/../lib/gcc/avr/4.3.2/../../../../avr/lib/avr6\libc.a(strnlen.o)
                0x0000326c                strnlen
 .text          0x00003282       0x58 c:/program files/winavr-20090313/bin/../lib/gcc/avr/4.3.2/../../../../avr/lib/avr6\libc.a(fputc.o)
                0x00003282                fputc
 .text          0x000032da       0xbc c:/program files/winavr-20090313/bin/../lib/gcc/avr/4.3.2/../../../../avr/lib/avr6\libc.a(ultoa_invert.o)
                0x000032da                __ultoa_invert
                0x00003396                . = ALIGN (0x2)
 *(.text.*)
 .text.libgcc   0x00003396       0x26 c:/program files/winavr-20090313/bin/../lib/gcc/avr/4.3.2/avr6\libgcc.a(_divmodhi4.o)
                0x00003396                __divmodhi4
                0x00003396                _div
 .text.libgcc   0x000033bc        0x0 c:/program files/winavr-20090313/bin/../lib/gcc/avr/4.3.2/avr6\libgcc.a(_clear_bss.o)
 .text.libgcc   0x000033bc       0x28 c:/program files/winavr-20090313/bin/../lib/gcc/avr/4.3.2/avr6\libgcc.a(_udivmodhi4.o)
                0x000033bc                __udivmodhi4
 .text.libgcc   0x000033e4       0x38 c:/program files/winavr-20090313/bin/../lib/gcc/avr/4.3.2/avr6\libgcc.a(_prologue.o)
                0x000033e4                __prologue_saves__
 .text.libgcc   0x0000341c       0x36 c:/program files/winavr-20090313/bin/../lib/gcc/avr/4.3.2/avr6\libgcc.a(_epilogue.o)
                0x0000341c                __epilogue_restores__
                0x00003452                . = ALIGN (0x2)
 *(.fini9)
 *(.fini9)
 *(.fini8)
 *(.fini8)
 *(.fini7)
 *(.fini7)
 *(.fini6)
 *(.fini6)
 *(.fini5)
 *(.fini5)
 *(.fini4)
 *(.fini4)
 *(.fini3)
 *(.fini3)
 *(.fini2)
 *(.fini2)
 *(.fini1)
 *(.fini1)
 *(.fini0)
 *(.fini0)
                0x00003452                _etext = .

.data           0x00800200      0x1a0 load address 0x00003452
                0x00800200                PROVIDE (__data_start, .)
 *(.data)
 .data          0x00800200       0x36 Assignment2.o
                0x00800231                remote_addr
                0x0080022a                SeekState
                0x0080021e                PT
                0x0080022c                station_addr
                0x00800220                PPP
 .data          0x00800236       0x29 Ass2_Communicate.o
 .data          0x0080025f        0x0 Ass2_Servo.o
 .data          0x0080025f       0x23 Ass2_Statistics.o
 .data          0x00800282        0x0 ServoController.o
 .data          0x00800282       0x13 radio.o
                0x00800294                tx_last_status
                0x00800292                tx_history
                0x00800288                tx_address
                0x00800282                rx_pipe_widths
                0x0080028d                rx_pipe0_address
 .data          0x00800295        0x0 spi.o
 .data          0x00800295        0x0 sonar.o
 .data          0x00800295        0x3 os.o
 .data          0x00800298        0x0 crt0.o
 .data          0x00800298        0x0 uart.o
 .data          0x00800298        0x0 c:/program files/winavr-20090313/bin/../lib/gcc/avr/4.3.2/avr6\libgcc.a(_divmodhi4.o)
 .data          0x00800298        0x0 c:/program files/winavr-20090313/bin/../lib/gcc/avr/4.3.2/avr6\libgcc.a(_clear_bss.o)
 .data          0x00800298        0x0 c:/program files/winavr-20090313/bin/../lib/gcc/avr/4.3.2/avr6\libgcc.a(_fixunssfsi.o)
 .data          0x00800298        0x0 c:/program files/winavr-20090313/bin/../lib/gcc/avr/4.3.2/avr6\libgcc.a(_addsub_sf.o)
 .data          0x00800298        0x0 c:/program files/winavr-20090313/bin/../lib/gcc/avr/4.3.2/avr6\libgcc.a(_mul_sf.o)
 .data          0x00800298        0x0 c:/program files/winavr-20090313/bin/../lib/gcc/avr/4.3.2/avr6\libgcc.a(_div_sf.o)
 .data          0x00800298        0x0 c:/program files/winavr-20090313/bin/../lib/gcc/avr/4.3.2/avr6\libgcc.a(_ge_sf.o)
 .data          0x00800298        0x0 c:/program files/winavr-20090313/bin/../lib/gcc/avr/4.3.2/avr6\libgcc.a(_si_to_sf.o)
 .data          0x00800298        0x0 c:/program files/winavr-20090313/bin/../lib/gcc/avr/4.3.2/avr6\libgcc.a(_sf_to_si.o)
 .data          0x00800298        0x8 c:/program files/winavr-20090313/bin/../lib/gcc/avr/4.3.2/avr6\libgcc.a(_thenan_sf.o)
                0x00800298                __thenan_sf
 .data          0x008002a0        0x0 c:/program files/winavr-20090313/bin/../lib/gcc/avr/4.3.2/avr6\libgcc.a(_udivmodhi4.o)
 .data          0x008002a0        0x0 c:/program files/winavr-20090313/bin/../lib/gcc/avr/4.3.2/avr6\libgcc.a(_prologue.o)
 .data          0x008002a0        0x0 c:/program files/winavr-20090313/bin/../lib/gcc/avr/4.3.2/avr6\libgcc.a(_epilogue.o)
 .data          0x008002a0        0x0 c:/program files/winavr-20090313/bin/../lib/gcc/avr/4.3.2/avr6\libgcc.a(_clzsi2.o)
 .data          0x008002a0        0x0 c:/program files/winavr-20090313/bin/../lib/gcc/avr/4.3.2/avr6\libgcc.a(_pack_sf.o)
 .data          0x008002a0        0x0 c:/program files/winavr-20090313/bin/../lib/gcc/avr/4.3.2/avr6\libgcc.a(_unpack_sf.o)
 .data          0x008002a0        0x0 c:/program files/winavr-20090313/bin/../lib/gcc/avr/4.3.2/avr6\libgcc.a(_fpcmp_parts_sf.o)
 .data          0x008002a0      0x100 c:/program files/winavr-20090313/bin/../lib/gcc/avr/4.3.2/avr6\libgcc.a(_clz.o)
                0x008002a0                __clz_tab
 .data          0x008003a0        0x0 c:/program files/winavr-20090313/bin/../lib/gcc/avr/4.3.2/../../../../avr/lib/avr6\libc.a(snprintf.o)
 .data          0x008003a0        0x0 c:/program files/winavr-20090313/bin/../lib/gcc/avr/4.3.2/../../../../avr/lib/avr6\libc.a(vfprintf_std.o)
 .data          0x008003a0        0x0 c:/program files/winavr-20090313/bin/../lib/gcc/avr/4.3.2/../../../../avr/lib/avr6\libc.a(strnlen_P.o)
 .data          0x008003a0        0x0 c:/program files/winavr-20090313/bin/../lib/gcc/avr/4.3.2/../../../../avr/lib/avr6\libc.a(strnlen.o)
 .data          0x008003a0        0x0 c:/program files/winavr-20090313/bin/../lib/gcc/avr/4.3.2/../../../../avr/lib/avr6\libc.a(fputc.o)
 .data          0x008003a0        0x0 c:/program files/winavr-20090313/bin/../lib/gcc/avr/4.3.2/../../../../avr/lib/avr6\libc.a(ultoa_invert.o)
 *(.data*)
 *(.rodata)
 *(.rodata*)
 *(.gnu.linkonce.d*)
                0x008003a0                . = ALIGN (0x2)
                0x008003a0                _edata = .
                0x008003a0                PROVIDE (__data_end, .)

.bss            0x008003a0     0x13cd
                0x008003a0                PROVIDE (__bss_start, .)
 *(.bss)
 .bss           0x008003a0        0x4 Assignment2.o
                0x008003a2                SweepComplete
                0x008003a0                ReportingOutcome
 .bss           0x008003a4        0x2 Ass2_Communicate.o
 .bss           0x008003a6        0x0 Ass2_Servo.o
 .bss           0x008003a6        0xb Ass2_Statistics.o
 .bss           0x008003b1        0x0 ServoController.o
 .bss           0x008003b1        0x0 radio.o
 .bss           0x008003b1        0x0 spi.o
 .bss           0x008003b1        0x5 sonar.o
 .bss           0x008003b6     0x12ac os.o
 .bss           0x00801662        0x0 crt0.o
 .bss           0x00801662       0x66 uart.o
 .bss           0x008016c8        0x0 c:/program files/winavr-20090313/bin/../lib/gcc/avr/4.3.2/avr6\libgcc.a(_divmodhi4.o)
 .bss           0x008016c8        0x0 c:/program files/winavr-20090313/bin/../lib/gcc/avr/4.3.2/avr6\libgcc.a(_clear_bss.o)
 .bss           0x008016c8        0x0 c:/program files/winavr-20090313/bin/../lib/gcc/avr/4.3.2/avr6\libgcc.a(_fixunssfsi.o)
 .bss           0x008016c8        0x0 c:/program files/winavr-20090313/bin/../lib/gcc/avr/4.3.2/avr6\libgcc.a(_addsub_sf.o)
 .bss           0x008016c8        0x0 c:/program files/winavr-20090313/bin/../lib/gcc/avr/4.3.2/avr6\libgcc.a(_mul_sf.o)
 .bss           0x008016c8        0x0 c:/program files/winavr-20090313/bin/../lib/gcc/avr/4.3.2/avr6\libgcc.a(_div_sf.o)
 .bss           0x008016c8        0x0 c:/program files/winavr-20090313/bin/../lib/gcc/avr/4.3.2/avr6\libgcc.a(_ge_sf.o)
 .bss           0x008016c8        0x0 c:/program files/winavr-20090313/bin/../lib/gcc/avr/4.3.2/avr6\libgcc.a(_si_to_sf.o)
 .bss           0x008016c8        0x0 c:/program files/winavr-20090313/bin/../lib/gcc/avr/4.3.2/avr6\libgcc.a(_sf_to_si.o)
 .bss           0x008016c8        0x0 c:/program files/winavr-20090313/bin/../lib/gcc/avr/4.3.2/avr6\libgcc.a(_thenan_sf.o)
 .bss           0x008016c8        0x0 c:/program files/winavr-20090313/bin/../lib/gcc/avr/4.3.2/avr6\libgcc.a(_udivmodhi4.o)
 .bss           0x008016c8        0x0 c:/program files/winavr-20090313/bin/../lib/gcc/avr/4.3.2/avr6\libgcc.a(_prologue.o)
 .bss           0x008016c8        0x0 c:/program files/winavr-20090313/bin/../lib/gcc/avr/4.3.2/avr6\libgcc.a(_epilogue.o)
 .bss           0x008016c8        0x0 c:/program files/winavr-20090313/bin/../lib/gcc/avr/4.3.2/avr6\libgcc.a(_clzsi2.o)
 .bss           0x008016c8        0x0 c:/program files/winavr-20090313/bin/../lib/gcc/avr/4.3.2/avr6\libgcc.a(_pack_sf.o)
 .bss           0x008016c8        0x0 c:/program files/winavr-20090313/bin/../lib/gcc/avr/4.3.2/avr6\libgcc.a(_unpack_sf.o)
 .bss           0x008016c8        0x0 c:/program files/winavr-20090313/bin/../lib/gcc/avr/4.3.2/avr6\libgcc.a(_fpcmp_parts_sf.o)
 .bss           0x008016c8        0x0 c:/program files/winavr-20090313/bin/../lib/gcc/avr/4.3.2/avr6\libgcc.a(_clz.o)
 .bss           0x008016c8        0x0 c:/program files/winavr-20090313/bin/../lib/gcc/avr/4.3.2/../../../../avr/lib/avr6\libc.a(snprintf.o)
 .bss           0x008016c8        0x0 c:/program files/winavr-20090313/bin/../lib/gcc/avr/4.3.2/../../../../avr/lib/avr6\libc.a(vfprintf_std.o)
 .bss           0x008016c8        0x0 c:/program files/winavr-20090313/bin/../lib/gcc/avr/4.3.2/../../../../avr/lib/avr6\libc.a(strnlen_P.o)
 .bss           0x008016c8        0x0 c:/program files/winavr-20090313/bin/../lib/gcc/avr/4.3.2/../../../../avr/lib/avr6\libc.a(strnlen.o)
 .bss           0x008016c8        0x0 c:/program files/winavr-20090313/bin/../lib/gcc/avr/4.3.2/../../../../avr/lib/avr6\libc.a(fputc.o)
 .bss           0x008016c8        0x0 c:/program files/winavr-20090313/bin/../lib/gcc/avr/4.3.2/../../../../avr/lib/avr6\libc.a(ultoa_invert.o)
 *(.bss*)
 *(COMMON)
 COMMON         0x008016c8       0x73 Assignment2.o
                0x008016c8                print_event
                0x008016ca                SonarDirectionServo
                0x008016dc                ASS_UART_BUFF
                0x0080172d                ComStats
                0x00801738                uart_rx
                0x00801739                bPINGRecieved
 COMMON         0x0080173b       0x2f Ass2_Communicate.o
                0x0080173b                packet
                0x0080175b                SONARReceivedFlag
                0x0080175c                WorkingStruct
                0x00801767                PINGReceivedFlag
                0x00801768                TimeoutCounter
 COMMON         0x0080176a        0x2 Ass2_Servo.o
                0x0080176a                SweepPercent
 COMMON         0x0080176c        0x1 radio.o
                0x0080176c                transmit_lock
                0x0080176d                PROVIDE (__bss_end, .)
                0x00003452                __data_load_start = LOADADDR (.data)
                0x000035f2                __data_load_end = (__data_load_start + SIZEOF (.data))

.noinit         0x0080176d        0x0
                0x0080176d                PROVIDE (__noinit_start, .)
 *(.noinit*)
                0x0080176d                PROVIDE (__noinit_end, .)
                0x0080176d                _end = .
                0x0080176d                PROVIDE (__heap_start, .)

.eeprom         0x00810000        0x0
 *(.eeprom*)
                0x00810000                __eeprom_end = .

.fuse
 *(.fuse)
 *(.lfuse)
 *(.hfuse)
 *(.efuse)

.lock
 *(.lock*)

.signature
 *(.signature*)

.stab
 *(.stab)

.stabstr
 *(.stabstr)

.stab.excl
 *(.stab.excl)

.stab.exclstr
 *(.stab.exclstr)

.stab.index
 *(.stab.index)

.stab.indexstr
 *(.stab.indexstr)

.comment
 *(.comment)

.debug
 *(.debug)

.line
 *(.line)

.debug_srcinfo
 *(.debug_srcinfo)

.debug_sfnames
 *(.debug_sfnames)

.debug_aranges  0x00000000      0x188
 *(.debug_aranges)
 .debug_aranges
                0x00000000       0x20 Assignment2.o
 .debug_aranges
                0x00000020       0x20 Ass2_Communicate.o
 .debug_aranges
                0x00000040       0x20 Ass2_Servo.o
 .debug_aranges
                0x00000060       0x20 Ass2_Statistics.o
 .debug_aranges
                0x00000080       0x20 ServoController.o
 .debug_aranges
                0x000000a0       0x20 radio.o
 .debug_aranges
                0x000000c0       0x20 spi.o
 .debug_aranges
                0x000000e0       0x20 sonar.o
 .debug_aranges
                0x00000100       0x20 os.o
 .debug_aranges
                0x00000120       0x48 crt0.o
 .debug_aranges
                0x00000168       0x20 uart.o

.debug_pubnames
                0x00000000      0x9fb
 *(.debug_pubnames)
 .debug_pubnames
                0x00000000      0x1b3 Assignment2.o
 .debug_pubnames
                0x000001b3      0x20b Ass2_Communicate.o
 .debug_pubnames
                0x000003be       0x88 Ass2_Servo.o
 .debug_pubnames
                0x00000446       0x98 Ass2_Statistics.o
 .debug_pubnames
                0x000004de       0x90 ServoController.o
 .debug_pubnames
                0x0000056e      0x1a5 radio.o
 .debug_pubnames
                0x00000713       0x5e spi.o
 .debug_pubnames
                0x00000771       0xa3 sonar.o
 .debug_pubnames
                0x00000814       0xea os.o
 .debug_pubnames
                0x000008fe       0x67 crt0.o
 .debug_pubnames
                0x00000965       0x96 uart.o

.debug_info     0x00000000     0x33b9
 *(.debug_info)
 .debug_info    0x00000000      0x578 Assignment2.o
 .debug_info    0x00000578      0x8c1 Ass2_Communicate.o
 .debug_info    0x00000e39      0x23a Ass2_Servo.o
 .debug_info    0x00001073      0x1b9 Ass2_Statistics.o
 .debug_info    0x0000122c      0x27d ServoController.o
 .debug_info    0x000014a9      0xafb radio.o
 .debug_info    0x00001fa4      0x13e spi.o
 .debug_info    0x000020e2      0x258 sonar.o
 .debug_info    0x0000233a      0xdaf os.o
 .debug_info    0x000030e9       0xda crt0.o
 .debug_info    0x000031c3      0x1f6 uart.o
 *(.gnu.linkonce.wi.*)

.debug_abbrev   0x00000000     0x1041
 *(.debug_abbrev)
 .debug_abbrev  0x00000000      0x198 Assignment2.o
 .debug_abbrev  0x00000198      0x2c4 Ass2_Communicate.o
 .debug_abbrev  0x0000045c       0xc8 Ass2_Servo.o
 .debug_abbrev  0x00000524       0xdd Ass2_Statistics.o
 .debug_abbrev  0x00000601       0xd3 ServoController.o
 .debug_abbrev  0x000006d4      0x2d2 radio.o
 .debug_abbrev  0x000009a6       0xbb spi.o
 .debug_abbrev  0x00000a61      0x130 sonar.o
 .debug_abbrev  0x00000b91      0x30f os.o
 .debug_abbrev  0x00000ea0       0x41 crt0.o
 .debug_abbrev  0x00000ee1      0x160 uart.o

.debug_line     0x00000000     0x2929
 *(.debug_line)
 .debug_line    0x00000000      0x54b Assignment2.o
 .debug_line    0x0000054b      0x4ba Ass2_Communicate.o
 .debug_line    0x00000a05      0x15a Ass2_Servo.o
 .debug_line    0x00000b5f      0x1a6 Ass2_Statistics.o
 .debug_line    0x00000d05      0x186 ServoController.o
 .debug_line    0x00000e8b      0x6b2 radio.o
 .debug_line    0x0000153d      0x152 spi.o
 .debug_line    0x0000168f      0x258 sonar.o
 .debug_line    0x000018e7      0xc02 os.o
 .debug_line    0x000024e9      0x24d crt0.o
 .debug_line    0x00002736      0x1f3 uart.o

.debug_frame    0x00000000      0x670
 *(.debug_frame)
 .debug_frame   0x00000000       0x90 Assignment2.o
 .debug_frame   0x00000090       0xd0 Ass2_Communicate.o
 .debug_frame   0x00000160       0x50 Ass2_Servo.o
 .debug_frame   0x000001b0       0x50 Ass2_Statistics.o
 .debug_frame   0x00000200       0x70 ServoController.o
 .debug_frame   0x00000270      0x110 radio.o
 .debug_frame   0x00000380       0x50 spi.o
 .debug_frame   0x000003d0       0x80 sonar.o
 .debug_frame   0x00000450      0x130 os.o
 .debug_frame   0x00000580       0x70 crt0.o
 .debug_frame   0x000005f0       0x80 uart.o

.debug_str      0x00000000     0x1540
 *(.debug_str)
 .debug_str     0x00000000      0x427 Assignment2.o
                                0x483 (size before relaxing)
 .debug_str     0x00000427      0x59a Ass2_Communicate.o
                                0x78f (size before relaxing)
 .debug_str     0x000009c1       0x72 Ass2_Servo.o
                                0x22f (size before relaxing)
 .debug_str     0x00000a33       0x8c Ass2_Statistics.o
                                0x1d6 (size before relaxing)
 .debug_str     0x00000abf       0xb1 ServoController.o
                                0x1d9 (size before relaxing)
 .debug_str     0x00000b70      0x237 radio.o
                                0x71a (size before relaxing)
 .debug_str     0x00000da7       0x4b spi.o
                                0x113 (size before relaxing)
 .debug_str     0x00000df2       0xa2 sonar.o
                                0x1c7 (size before relaxing)
 .debug_str     0x00000e94      0x5eb os.o
                                0x6e3 (size before relaxing)
 .debug_str     0x0000147f       0x4a crt0.o
                                 0xf4 (size before relaxing)
 .debug_str     0x000014c9       0x77 uart.o
                                0x169 (size before relaxing)

.debug_loc      0x00000000      0xef0
 *(.debug_loc)
 .debug_loc     0x00000000       0xe0 Assignment2.o
 .debug_loc     0x000000e0       0xab Ass2_Communicate.o
 .debug_loc     0x0000018b       0x90 Ass2_Servo.o
 .debug_loc     0x0000021b       0x78 Ass2_Statistics.o
 .debug_loc     0x00000293      0x1c0 ServoController.o
 .debug_loc     0x00000453      0x4bf radio.o
 .debug_loc     0x00000912       0x7b spi.o
 .debug_loc     0x0000098d       0x13 sonar.o
 .debug_loc     0x000009a0      0x4a4 os.o
 .debug_loc     0x00000e44       0xac uart.o

.debug_macinfo
 *(.debug_macinfo)
OUTPUT(Assignment2.elf elf32-avr)
LOAD linker stubs

.debug_ranges   0x00000000      0x310
 .debug_ranges  0x00000000      0x1f8 Assignment2.o
 .debug_ranges  0x000001f8       0xc0 os.o
 .debug_ranges  0x000002b8       0x40 crt0.o
 .debug_ranges  0x000002f8       0x18 uart.o
